---
source: tui/src/views/dashboard.rs
expression: buf
---
(o)(o)                                                                                                                  
 \__/  complior v1.0                                                                                                    
┌ Status Log ──────────────────────────────────────────────────────────────────────────────────────┐┌ Info ────────────┐
│[HH:MM] ! Welcome to Complior. Use /scan to start, /help for commands.                            ││ tui/             │
│                                                                                                  ││ No scan yet      │
│                                                                                                  ││                  │
│                                                                                                  ││                  │
│                                                                                                  ││                  │
│                                                                                                  ││──────────────────│
│                                                                                                  ││ Ctx: 3%  Zen: off│
│                                                                                                  ││                  │
│                                                                                                  ││ Deadlines ───────│
│                                                                                                  ││ ⚠ 155d EU AI Act │
└──────────────────────────────────────────────────────────────────────────────────────────────────┘│                  │
┌ Files ───────────────────────────────────────────────────────────────────────────────────────────┐│ Actions ─────────│
│                                                                                                  ││ /scan  rescan pro│
│                                                                                                  ││ /help  all comman│
│                                                                                                  ││ Ctrl+P command pa│
│                                                                                                  ││                  │
│                                                                                                  ││                  │
│                                                                                                  ││                  │
│                                                                                                  ││                  │
│                                                                                                  ││                  │
└──────────────────────────────────────────────────────────────────────────────────────────────────┘│                  │
┌ Compliance Score ──────────────────────────────┐┌ EU AI Act Deadlines ───────────────────────────┐│                  │
│███████████████████████                         ││ 390d overdue  Art. 5 — Prohibited AI practices ││                  │
│███████████████████████                         ││ 209d overdue  Art. 50 — Transparency obligation││                  │
│██████47/100 — RED — Non-Compliant (demo)       ││ 156d left     Art. 6 — High-risk AI classificat││                  │
│███████████████████████                         ││                                                ││                  │
│███████████████████████                         ││                                                ││                  │
└────────────────────────────────────────────────┘└────────────────────────────────────────────────┘│                  │
┌ Activity Log ──────────────────────────────────┐┌ Score History ─────────────────────────────────┐│                  │
│ No activity yet                                ││ No history yet — run /scan                     ││                  │
│                                                ││                                                ││                  │
│                                                ││                                                ││                  │
│                                                ││                                                ││                  │
│                                                ││                                                ││                  │
└────────────────────────────────────────────────┘└────────────────────────────────────────────────┘└──────────────────┘
[47] [1 Dashboard] [ctx:3%] ○                                                                                           
 NORMAL  D:dash S:scan F:fix P:passport O:oblig T:time R:report L:log ?:help
