---
source: tui/src/views/dashboard.rs
expression: buf
---
(o)(o)                                                                                                                  
 \__/  complior v1.0                                                                                                    
▸   No agents running  ·  :agent claude-code to start  ·  7 for Agents view                         ┌ Info ────────────┐
┌ Status Log ──────────────────────────────────────────────────────────────────────────────────────┐│ tui/             │
│[HH:MM] ! Welcome to Complior. Use /scan to start, /help for commands.                            ││ No scan yet      │
│                                                                                                  ││                  │
│                                                                                                  ││                  │
│                                                                                                  ││                  │
│                                                                                                  ││──────────────────│
│                                                                                                  ││ Ctx: 3%  Zen: off│
│                                                                                                  ││                  │
│                                                                                                  ││ Deadlines ───────│
│                                                                                                  ││ ⚠ 158d EU AI Act │
│                                                                                                  ││                  │
└──────────────────────────────────────────────────────────────────────────────────────────────────┘│ Actions ─────────│
┌ Files ───────────────────────────────────────────────────────────────────────────────────────────┐│ /scan  rescan pro│
│                                                                                                  ││ /help  all comman│
│                                                                                                  ││ Ctrl+P command pa│
│                                                                                                  ││                  │
│                                                                                                  ││                  │
│                                                                                                  ││                  │
│                                                                                                  ││                  │
│                                                                                                  ││                  │
└──────────────────────────────────────────────────────────────────────────────────────────────────┘│                  │
┌ Compliance Score ──────────────────────────────┐┌ EU AI Act Deadlines ───────────────────────────┐│                  │
│███████████████████████                         ││ 387d overdue  Art. 5 — Prohibited AI practices ││                  │
│███████████████████████                         ││ 206d overdue  Art. 50 — Transparency obligation││                  │
│██████47/100 — RED — Non-Compliant (demo)       ││ 159d left     Art. 6 — High-risk AI classificat││                  │
│███████████████████████                         ││                                                ││                  │
│███████████████████████                         ││                                                ││                  │
└────────────────────────────────────────────────┘└────────────────────────────────────────────────┘│                  │
┌ Activity Log ──────────────────────────────────┐┌ Score History ─────────────────────────────────┐│                  │
│ No activity yet                                ││ No history yet — run /scan                     ││                  │
│                                                ││                                                ││                  │
│                                                ││                                                ││                  │
│                                                ││                                                ││                  │
│                                                ││                                                ││                  │
└────────────────────────────────────────────────┘└────────────────────────────────────────────────┘└──────────────────┘
[47] [1 Dashboard]  [ctx:3%] [wrapper] ○                                                                                
 INSERT  A:agents O:orch D:dash S:scan F:fix C:chat R:report Tab:mode e:zoom ?:help
