---
source: tui/src/views/chat.rs
expression: buf
---
â Status Log âââââââââââââââââââââââââââââââââââââââââââââââââââââââââââââââââââ
â[00:00] ! Welcome to Complior. Use /scan to start, /help for commands.        â
â[00:00] ! Scanning...                                                         â
â[00:00] ! Scan complete: 75/100                                               â
â                                                                              â
â                                                                              â
â                                                                              â
â                                                                              â
â                                                                              â
â                                                                              â
â                                                                              â
â                                                                              â
â                                                                              â
â                                                                              â
â                                                                              â
â                                                                              â
â                                                                              â
â                                                                              â
â                                                                              â
â                                                                              â
â                                                                              â
â                                                                              â
â                                                                              â
ââââââââââââââââââââââââââââââââââââââââââââââââââââââââââââââââââââââââââââââââ
