---
source: tui/src/views/dashboard.rs
expression: buf
---
(o)(o)                                                                                                                  
 \__/  complior v1.0                                                                                                    
┌ Chat ────────────────────────────────────────────────────────────────────────────────────────────┐┌ Info ────────────┐
│┌────────────────────────────────────────────────────────────────────────────────────────────────┐││ tui/             │
││>                                                                                               │││ No scan yet      │
│└────────────────────────────────────────────────────────────────────────────────────────────────┘││                  │
│┌ Quick Start ───────────────────────────────────────────────────────────────────────────────────┐││                  │
││                                                                                                │││                  │
││  Tips                                                                                          │││──────────────────│
││                                                                                                │││ Ctx: 0%  Zen: off│
││  /scan      Run compliance scan on your project                                                │││                  │
││  /help      Show all available commands                                                        │││ Actions ─────────│
││  @file      Reference a file in your message                                                   │││ /scan  rescan pro│
││  !cmd       Run a shell command                                                                │││ /help  all comman│
││                                                                                                │││ Ctrl+P command pa│
││  Type a message or command to get started                                                      │││                  │
││                                                                                                │││                  │
││                                                                                                │││                  │
││                                                                                                │││                  │
││                                                                                                │││                  │
│└────────────────────────────────────────────────────────────────────────────────────────────────┘││                  │
└──────────────────────────────────────────────────────────────────────────────────────────────────┘│                  │
┌ Files ───────────────────────────────────────────────────────────────────────────────────────────┐│                  │
│                                                                                                  ││                  │
│                                                                                                  ││                  │
│                                                                                                  ││                  │
│                                                                                                  ││                  │
│                                                                                                  ││                  │
│                                                                                                  ││                  │
│                                                                                                  ││                  │
│                                                                                                  ││                  │
│                                                                                                  ││                  │
│                                                                                                  ││                  │
│                                                                                                  ││                  │
│                                                                                                  ││                  │
│                                                                                                  ││                  │
│                                                                                                  ││                  │
└──────────────────────────────────────────────────────────────────────────────────────────────────┘└──────────────────┘
 no model  [1 Dashboard]  [ctx:3%] [$0.000] ○                                                                           
 INSERT  1-6:view Tab:mode e:zoom i:ins /:cmd ::colon ^Z:undo U:history ?:help
