---
source: tui/src/views/fix.rs
expression: buf
---
┌ Fix ─────────────────────────────────────────────────────────────────────────┐
│                                                                              │
│  No scan data. Run a scan first (Ctrl+S).                                    │
│                                                                              │
│                                                                              │
│                                                                              │
│                                                                              │
│                                                                              │
│                                                                              │
│                                                                              │
│                                                                              │
│                                                                              │
│                                                                              │
│                                                                              │
│                                                                              │
│                                                                              │
│                                                                              │
│                                                                              │
│                                                                              │
│                                                                              │
│                                                                              │
│                                                                              │
│                                                                              │
└──────────────────────────────────────────────────────────────────────────────┘
