---
source: tui/src/views/chat.rs
expression: buf
---
â Chat âââââââââââââââââââââââââââââââââââââââââââââââââââââââââââââââââââââââââ
â[00:00] ! Welcome to Complior. Type a message or /scan to start.              â
â                                                                              â
â[00:00] > scan my project                                                     â
â                                                                              â
â[00:00] AI:                                                                   â
âScanning...                                                                   â
â                                                                              â
â                                                                              â
â                                                                              â
â                                                                              â
â                                                                              â
â                                                                              â
â                                                                              â
â                                                                              â
â                                                                              â
â                                                                              â
â                                                                              â
â                                                                              â
â                                                                              â
ââââââââââââââââââââââââââââââââââââââââââââââââââââââââââââââââââââââââââââââââ
ââ>                                                                           ââ
ââââââââââââââââââââââââââââââââââââââââââââââââââââââââââââââââââââââââââââââââ
ââââââââââââââââââââââââââââââââââââââââââââââââââââââââââââââââââââââââââââââââ
