---
source: cli/src/views/chat.rs
expression: buf
---
┌ Status Log ──────────────────────────────────────────────────────────────────┐
│! Welcome to Complior. Use /scan to start, /help for commands.                │
│! Scanning...                                                                 │
│! Scan complete: 75/100                                                       │
│                                                                              │
│                                                                              │
│                                                                              │
│                                                                              │
│                                                                              │
│                                                                              │
│                                                                              │
│                                                                              │
│                                                                              │
│                                                                              │
│                                                                              │
│                                                                              │
│                                                                              │
│                                                                              │
│                                                                              │
│                                                                              │
│                                                                              │
│                                                                              │
│                                                                              │
└──────────────────────────────────────────────────────────────────────────────┘
